// Jest Snapshot v1, https://goo.gl/fbAQLP

exports[`Gallery Page should match snapshot 1`] = `<div />`;
